// Jest Snapshot v1, https://goo.gl/fbAQLP

exports[`should render Header correctly 1`] = `
<header>
  <h2>
    Expensify
  </h2>
  <ForwardRef
    activeClassName="is-active"
    exact={true}
    to="/"
  >
    Home |
  </ForwardRef>
  <ForwardRef
    activeClassName="is-active"
    to="/create"
  >
     Create | 
  </ForwardRef>
  <ForwardRef
    activeClassName="is-active"
    to="/help"
  >
    Help
  </ForwardRef>
</header>
`;
